[18:12:51] [ServerMain/INFO]: Environment: Environment[sessionHost=https://sessionserver.mojang.com, servicesHost=https://api.minecraftservices.com, profilesHost=https://api.mojang.com, name=PROD]
[18:12:53] [ServerMain/INFO]: Loaded 1515 recipes
[18:12:53] [ServerMain/INFO]: Loaded 1617 advancements
[18:12:54] [Server thread/INFO]: Starting minecraft server version 26.1.2
[18:12:54] [Server thread/INFO]: Loading properties
[18:12:54] [Server thread/INFO]: Default game type: SURVIVAL
[18:12:54] [Server thread/INFO]: Generating keypair
[18:12:54] [Server thread/INFO]: Starting Minecraft server on *:25565
[18:12:54] [Server thread/WARN]: **** SERVER IS RUNNING IN OFFLINE/INSECURE MODE!
[18:12:54] [Server thread/WARN]: The server will make no attempt to authenticate usernames. Beware.
[18:12:54] [Server thread/WARN]: While this makes the game possible to play without internet access, it also opens up the ability for hackers to connect with any username they choose.
[18:12:54] [Server thread/WARN]: To change this, set "online-mode" to "true" in the server.properties file.
[18:12:54] [Server thread/INFO]: Preparing level "world"
[18:12:54] [Server thread/INFO]: Loading 0 persistent chunks...
[18:12:54] [Server thread/INFO]: Preparing spawn area: 100%
[18:12:54] [Server thread/INFO]: Time elapsed: 16 ms
[18:12:54] [Server thread/INFO]: Done (0.304s)! For help, type "help"
[18:12:54] [Server thread/INFO]: Saving chunks for level 'ServerLevel[world]'/minecraft:overworld
[18:12:54] [Server thread/INFO]: Saving chunks for level 'ServerLevel[world]'/minecraft:the_nether
[18:12:54] [Server thread/INFO]: Saving chunks for level 'ServerLevel[world]'/minecraft:the_end
[18:12:54] [Server thread/INFO]: ThreadedAnvilChunkStorage (world): All chunks are saved
[18:12:54] [Server thread/INFO]: ThreadedAnvilChunkStorage (DIM-1): All chunks are saved
[18:12:54] [Server thread/INFO]: ThreadedAnvilChunkStorage (DIM1): All chunks are saved
[18:12:54] [Server thread/INFO]: ThreadedAnvilChunkStorage: All dimensions are saved
[18:13:27] [Server thread/INFO]: LenzGOTY[/10.59.202.190:51937] logged in with entity id 69 at (-731.6462533699453, 112.0, -751.0329743498586)
[18:13:27] [Server thread/INFO]: LenzGOTY joined the game
[18:20:24] [Server thread/INFO]: LenzGOTY lost connection: Disconnected
[18:20:24] [Server thread/INFO]: LenzGOTY left the game
[18:20:31] [Server thread/INFO]: Stopping the server
[18:20:31] [Server thread/INFO]: Stopping server
[18:20:31] [Server thread/INFO]: Saving players
[18:20:31] [Server thread/INFO]: Saving worlds
[18:20:31] [Server thread/INFO]: Saving chunks for level 'ServerLevel[world]'/minecraft:overworld
[18:20:31] [Server thread/INFO]: Saving chunks for level 'ServerLevel[world]'/minecraft:the_nether
[18:20:31] [Server thread/INFO]: Saving chunks for level 'ServerLevel[world]'/minecraft:the_end
[18:20:31] [Server thread/INFO]: ThreadedAnvilChunkStorage (world): All chunks are saved
[18:20:31] [Server thread/INFO]: ThreadedAnvilChunkStorage (DIM-1): All chunks are saved
[18:20:31] [Server thread/INFO]: ThreadedAnvilChunkStorage (DIM1): All chunks are saved
[18:20:31] [Server thread/INFO]: ThreadedAnvilChunkStorage: All dimensions are saved
